
> giaphuc-frontend@1.0.0 test
> vitest run


 RUN  v2.1.9 E:/GiaPhuc/frontend

stderr | tests/timetable/core_semantics.test.jsx
[env] missing required env var: VITE_APP_NAME

stderr | tests/timetable/phase34_persistence_ui.test.jsx
[env] missing required env var: VITE_APP_NAME

stderr | tests/timetable/integration-ui.test.jsx
[env] missing required env var: VITE_APP_NAME

stderr | tests/timetable/phase33_commit_ui.test.jsx
[env] missing required env var: VITE_APP_NAME

stderr | tests/timetable/catalog_crud.test.jsx
[env] missing required env var: VITE_APP_NAME

stderr | tests/timetable/phase32_ui.test.jsx
[env] missing required env var: VITE_APP_NAME

stderr | tests/timetable/phase34_persistence_ui.test.jsx > the Phase 32/33 flow still works end to end > Generate, select, Confirm, Commit, and the badge appears
⚠️ React Router Future Flag Warning: React Router will begin wrapping state updates in `React.startTransition` in v7. You can use the `v7_startTransition` future flag to opt-in early. For more information, see https://reactrouter.com/v6/upgrading/future#v7_starttransition.
⚠️ React Router Future Flag Warning: Relative route resolution within Splat routes is changing in v7. You can use the `v7_relativeSplatPath` future flag to opt-in early. For more information, see https://reactrouter.com/v6/upgrading/future#v7_relativesplatpath.

stderr | tests/timetable/phase33_commit_ui.test.jsx > 21. the selected solution is a visible, stable state > the first solution is selected on arrival and the choice is marked
⚠️ React Router Future Flag Warning: React Router will begin wrapping state updates in `React.startTransition` in v7. You can use the `v7_startTransition` future flag to opt-in early. For more information, see https://reactrouter.com/v6/upgrading/future#v7_starttransition.
⚠️ React Router Future Flag Warning: Relative route resolution within Splat routes is changing in v7. You can use the `v7_relativeSplatPath` future flag to opt-in early. For more information, see https://reactrouter.com/v6/upgrading/future#v7_relativesplatpath.

stderr | tests/timetable/catalog_crud.test.jsx > teacher CRUD: edit keeps home branch read-only and sends no home-branch update
⚠️ React Router Future Flag Warning: React Router will begin wrapping state updates in `React.startTransition` in v7. You can use the `v7_startTransition` future flag to opt-in early. For more information, see https://reactrouter.com/v6/upgrading/future#v7_starttransition.
⚠️ React Router Future Flag Warning: Relative route resolution within Splat routes is changing in v7. You can use the `v7_relativeSplatPath` future flag to opt-in early. For more information, see https://reactrouter.com/v6/upgrading/future#v7_relativesplatpath.

stderr | tests/timetable/core_semantics.test.jsx > catalog: teacher detail renders the API data
⚠️ React Router Future Flag Warning: React Router will begin wrapping state updates in `React.startTransition` in v7. You can use the `v7_startTransition` future flag to opt-in early. For more information, see https://reactrouter.com/v6/upgrading/future#v7_starttransition.
⚠️ React Router Future Flag Warning: Relative route resolution within Splat routes is changing in v7. You can use the `v7_relativeSplatPath` future flag to opt-in early. For more information, see https://reactrouter.com/v6/upgrading/future#v7_relativesplatpath.

stderr | tests/timetable/integration-ui.test.jsx > dirty preferences block leaving and retain values when choosing stay
⚠️ React Router Future Flag Warning: React Router will begin wrapping state updates in `React.startTransition` in v7. You can use the `v7_startTransition` future flag to opt-in early. For more information, see https://reactrouter.com/v6/upgrading/future#v7_starttransition.

stderr | tests/timetable/phase32_ui.test.jsx > the ranking explanation belongs to the backend > the rank reason is explained in Vietnamese with the backend metrics
⚠️ React Router Future Flag Warning: React Router will begin wrapping state updates in `React.startTransition` in v7. You can use the `v7_startTransition` future flag to opt-in early. For more information, see https://reactrouter.com/v6/upgrading/future#v7_starttransition.
⚠️ React Router Future Flag Warning: Relative route resolution within Splat routes is changing in v7. You can use the `v7_relativeSplatPath` future flag to opt-in early. For more information, see https://reactrouter.com/v6/upgrading/future#v7_relativesplatpath.

 ✓ tests/timetable/core_semantics.test.jsx (11 tests) 426ms
 ✓ tests/timetable/integration-ui.test.jsx (5 tests) 842ms
   ✓ dirty preferences block leaving and retain values when choosing stay 415ms
 ✓ tests/timetable/phase34_persistence_ui.test.jsx (12 tests) 1566ms
   ✓ the Phase 32/33 flow still works end to end > Generate, select, Confirm, Commit, and the badge appears 367ms
 ✓ tests/timetable/phase32_ui.test.jsx (40 tests) 2026ms
   ✓ the grid follows the data, not a hard-coded week > teacher selector follows home branch even when schedule placements differ 365ms
 ✓ tests/timetable/catalog_crud.test.jsx (5 tests) 2446ms
   ✓ teacher CRUD: edit keeps home branch read-only and sends no home-branch update 541ms
   ✓ teacher CRUD: creation requires an explicitly chosen home branch and specialization 483ms
   ✓ subject CRUD: create, edit and confirmed delete refresh the list 704ms
   ✓ class CRUD: selected branch and block are sent, and cancel sends no write 561ms
 ✓ tests/timetable/phase33_commit_ui.test.jsx (25 tests) 3930ms

 Test Files  6 passed (6)
      Tests  98 passed (98)
   Start at  00:51:18
   Duration  5.86s (transform 480ms, setup 154ms, collect 3.39s, tests 11.24s, environment 5.50s, prepare 941ms)

